// Jest Snapshot v1, https://goo.gl/fbAQLP

exports[`FormInput snapshot should match snapshot 1`] = `
.c0 {
  grid-area: "input";
  border-radius: 4px;
  font-weight: 600;
  -webkit-letter-spacing: 0.1rem;
  -moz-letter-spacing: 0.1rem;
  -ms-letter-spacing: 0.1rem;
  letter-spacing: 0.1rem;
  font-family: "Open Sans";
  font-size: 1.5rem;
  border: 2px solid #aaa;
  padding: 2rem;
}

.c0::-webkit-input-placeholder {
  font-weight: 400;
  opacity: 0.9;
}

.c0::-moz-placeholder {
  font-weight: 400;
  opacity: 0.9;
}

.c0:-ms-input-placeholder {
  font-weight: 400;
  opacity: 0.9;
}

.c0::placeholder {
  font-weight: 400;
  opacity: 0.9;
}

.c0:focus {
  border-color: dodgerBlue;
  box-shadow: 0 0 8px 0 dodgerBlue;
}

<input
  className="c0"
  data-test="Input"
/>
`;
